/data/cyau/wgs500/pileup/snp/AS_CLL_003D.txt.gz
AS_CLL_003D.txt.gz
