/data/cyau/oncosnpseq/data/sim/cll/clone-2.1.oncoseq.gz
clone-2.1.oncoseq.gz
/data/cyau/oncosnpseq/data/sim/cll/clone-2.13.oncoseq.gz
clone-2.13.oncoseq.gz
/data/cyau/oncosnpseq/data/sim/cll/clone-2.2.oncoseq.gz
clone-2.2.oncoseq.gz
/data/cyau/oncosnpseq/data/sim/cll/clone-2.14.oncoseq.gz
clone-2.14.oncoseq.gz
/data/cyau/oncosnpseq/data/sim/cll/clone-2.3.oncoseq.gz
clone-2.3.oncoseq.gz
/data/cyau/oncosnpseq/data/sim/cll/clone-2.15.oncoseq.gz
clone-2.15.oncoseq.gz
/data/cyau/oncosnpseq/data/sim/cll/clone-2.4.oncoseq.gz
clone-2.4.oncoseq.gz
/data/cyau/oncosnpseq/data/sim/cll/clone-2.5.oncoseq.gz
clone-2.5.oncoseq.gz
/data/cyau/oncosnpseq/data/sim/cll/clone-2.16.oncoseq.gz
clone-2.16.oncoseq.gz
/data/cyau/oncosnpseq/data/sim/cll/clone-2.6.oncoseq.gz
clone-2.6.oncoseq.gz
/data/cyau/oncosnpseq/data/sim/cll/clone-2.7.oncoseq.gz
clone-2.7.oncoseq.gz
/data/cyau/oncosnpseq/data/sim/cll/clone-2.17.oncoseq.gz
clone-2.17.oncoseq.gz
/data/cyau/oncosnpseq/data/sim/cll/clone-2.8.oncoseq.gz
clone-2.8.oncoseq.gz
/data/cyau/oncosnpseq/data/sim/cll/clone-2.9.oncoseq.gz
clone-2.9.oncoseq.gz
/data/cyau/oncosnpseq/data/sim/cll/clone-2.18.oncoseq.gz
clone-2.18.oncoseq.gz
/data/cyau/oncosnpseq/data/sim/cll/clone-2.10.oncoseq.gz
clone-2.10.oncoseq.gz
/data/cyau/oncosnpseq/data/sim/cll/clone-2.11.oncoseq.gz
clone-2.11.oncoseq.gz
/data/cyau/oncosnpseq/data/sim/cll/clone-2.12.oncoseq.gz
clone-2.12.oncoseq.gz
/data/cyau/oncosnpseq/data/sim/cll/clone-2.19.oncoseq.gz
clone-2.19.oncoseq.gz
/data/cyau/oncosnpseq/data/sim/cll/clone-2.20.oncoseq.gz
clone-2.20.oncoseq.gz
/data/cyau/oncosnpseq/data/sim/cll/clone-2.34.oncoseq.gz
clone-2.34.oncoseq.gz
/data/cyau/oncosnpseq/data/sim/cll/clone-2.21.oncoseq.gz
clone-2.21.oncoseq.gz
/data/cyau/oncosnpseq/data/sim/cll/clone-2.22.oncoseq.gz
clone-2.22.oncoseq.gz
/data/cyau/oncosnpseq/data/sim/cll/clone-2.35.oncoseq.gz
clone-2.35.oncoseq.gz
/data/cyau/oncosnpseq/data/sim/cll/clone-2.23.oncoseq.gz
clone-2.23.oncoseq.gz
/data/cyau/oncosnpseq/data/sim/cll/clone-2.24.oncoseq.gz
clone-2.24.oncoseq.gz
/data/cyau/oncosnpseq/data/sim/cll/clone-2.36.oncoseq.gz
clone-2.36.oncoseq.gz
/data/cyau/oncosnpseq/data/sim/cll/clone-2.25.oncoseq.gz
clone-2.25.oncoseq.gz
/data/cyau/oncosnpseq/data/sim/cll/clone-2.26.oncoseq.gz
clone-2.26.oncoseq.gz
/data/cyau/oncosnpseq/data/sim/cll/clone-2.37.oncoseq.gz
clone-2.37.oncoseq.gz
/data/cyau/oncosnpseq/data/sim/cll/clone-2.27.oncoseq.gz
clone-2.27.oncoseq.gz
/data/cyau/oncosnpseq/data/sim/cll/clone-2.28.oncoseq.gz
clone-2.28.oncoseq.gz
/data/cyau/oncosnpseq/data/sim/cll/clone-2.38.oncoseq.gz
clone-2.38.oncoseq.gz
/data/cyau/oncosnpseq/data/sim/cll/clone-2.29.oncoseq.gz
clone-2.29.oncoseq.gz
/data/cyau/oncosnpseq/data/sim/cll/clone-2.30.oncoseq.gz
clone-2.30.oncoseq.gz
/data/cyau/oncosnpseq/data/sim/cll/clone-2.39.oncoseq.gz
clone-2.39.oncoseq.gz
/data/cyau/oncosnpseq/data/sim/cll/clone-2.31.oncoseq.gz
clone-2.31.oncoseq.gz
/data/cyau/oncosnpseq/data/sim/cll/clone-2.32.oncoseq.gz
clone-2.32.oncoseq.gz
/data/cyau/oncosnpseq/data/sim/cll/clone-2.40.oncoseq.gz
clone-2.40.oncoseq.gz
/data/cyau/oncosnpseq/data/sim/cll/clone-2.33.oncoseq.gz
clone-2.33.oncoseq.gz
/data/cyau/oncosnpseq/data/sim/cll/clone-2.41.oncoseq.gz
clone-2.41.oncoseq.gz
/data/cyau/oncosnpseq/data/sim/cll/clone-2.55.oncoseq.gz
clone-2.55.oncoseq.gz
/data/cyau/oncosnpseq/data/sim/cll/clone-2.42.oncoseq.gz
clone-2.42.oncoseq.gz
/data/cyau/oncosnpseq/data/sim/cll/clone-2.43.oncoseq.gz
clone-2.43.oncoseq.gz
/data/cyau/oncosnpseq/data/sim/cll/clone-2.56.oncoseq.gz
clone-2.56.oncoseq.gz
/data/cyau/oncosnpseq/data/sim/cll/clone-2.44.oncoseq.gz
clone-2.44.oncoseq.gz
/data/cyau/oncosnpseq/data/sim/cll/clone-2.45.oncoseq.gz
clone-2.45.oncoseq.gz
/data/cyau/oncosnpseq/data/sim/cll/clone-2.57.oncoseq.gz
clone-2.57.oncoseq.gz
/data/cyau/oncosnpseq/data/sim/cll/clone-2.46.oncoseq.gz
clone-2.46.oncoseq.gz
/data/cyau/oncosnpseq/data/sim/cll/clone-2.47.oncoseq.gz
clone-2.47.oncoseq.gz
/data/cyau/oncosnpseq/data/sim/cll/clone-2.58.oncoseq.gz
clone-2.58.oncoseq.gz
/data/cyau/oncosnpseq/data/sim/cll/clone-2.48.oncoseq.gz
clone-2.48.oncoseq.gz
/data/cyau/oncosnpseq/data/sim/cll/clone-2.49.oncoseq.gz
clone-2.49.oncoseq.gz
/data/cyau/oncosnpseq/data/sim/cll/clone-2.59.oncoseq.gz
clone-2.59.oncoseq.gz
/data/cyau/oncosnpseq/data/sim/cll/clone-2.50.oncoseq.gz
clone-2.50.oncoseq.gz
/data/cyau/oncosnpseq/data/sim/cll/clone-2.51.oncoseq.gz
clone-2.51.oncoseq.gz
/data/cyau/oncosnpseq/data/sim/cll/clone-2.60.oncoseq.gz
clone-2.60.oncoseq.gz
/data/cyau/oncosnpseq/data/sim/cll/clone-2.52.oncoseq.gz
clone-2.52.oncoseq.gz
/data/cyau/oncosnpseq/data/sim/cll/clone-2.53.oncoseq.gz
clone-2.53.oncoseq.gz
/data/cyau/oncosnpseq/data/sim/cll/clone-2.61.oncoseq.gz
clone-2.61.oncoseq.gz
/data/cyau/oncosnpseq/data/sim/cll/clone-2.54.oncoseq.gz
clone-2.54.oncoseq.gz
/data/cyau/oncosnpseq/data/sim/cll/clone-2.62.oncoseq.gz
clone-2.62.oncoseq.gz
/data/cyau/oncosnpseq/data/sim/cll/clone-2.76.oncoseq.gz
clone-2.76.oncoseq.gz
/data/cyau/oncosnpseq/data/sim/cll/clone-2.63.oncoseq.gz
clone-2.63.oncoseq.gz
/data/cyau/oncosnpseq/data/sim/cll/clone-2.64.oncoseq.gz
clone-2.64.oncoseq.gz
/data/cyau/oncosnpseq/data/sim/cll/clone-2.77.oncoseq.gz
clone-2.77.oncoseq.gz
/data/cyau/oncosnpseq/data/sim/cll/clone-2.65.oncoseq.gz
clone-2.65.oncoseq.gz
/data/cyau/oncosnpseq/data/sim/cll/clone-2.66.oncoseq.gz
clone-2.66.oncoseq.gz
/data/cyau/oncosnpseq/data/sim/cll/clone-2.78.oncoseq.gz
clone-2.78.oncoseq.gz
/data/cyau/oncosnpseq/data/sim/cll/clone-2.67.oncoseq.gz
clone-2.67.oncoseq.gz
/data/cyau/oncosnpseq/data/sim/cll/clone-2.68.oncoseq.gz
clone-2.68.oncoseq.gz
/data/cyau/oncosnpseq/data/sim/cll/clone-2.79.oncoseq.gz
clone-2.79.oncoseq.gz
/data/cyau/oncosnpseq/data/sim/cll/clone-2.69.oncoseq.gz
clone-2.69.oncoseq.gz
/data/cyau/oncosnpseq/data/sim/cll/clone-2.70.oncoseq.gz
clone-2.70.oncoseq.gz
/data/cyau/oncosnpseq/data/sim/cll/clone-2.80.oncoseq.gz
clone-2.80.oncoseq.gz
/data/cyau/oncosnpseq/data/sim/cll/clone-2.71.oncoseq.gz
clone-2.71.oncoseq.gz
/data/cyau/oncosnpseq/data/sim/cll/clone-2.72.oncoseq.gz
clone-2.72.oncoseq.gz
/data/cyau/oncosnpseq/data/sim/cll/clone-2.81.oncoseq.gz
clone-2.81.oncoseq.gz
/data/cyau/oncosnpseq/data/sim/cll/clone-2.73.oncoseq.gz
clone-2.73.oncoseq.gz
/data/cyau/oncosnpseq/data/sim/cll/clone-2.74.oncoseq.gz
clone-2.74.oncoseq.gz
/data/cyau/oncosnpseq/data/sim/cll/clone-2.82.oncoseq.gz
clone-2.82.oncoseq.gz
/data/cyau/oncosnpseq/data/sim/cll/clone-2.75.oncoseq.gz
clone-2.75.oncoseq.gz
/data/cyau/oncosnpseq/data/sim/cll/clone-2.83.oncoseq.gz
clone-2.83.oncoseq.gz
/data/cyau/oncosnpseq/data/sim/cll/clone-2.97.oncoseq.gz
clone-2.97.oncoseq.gz
/data/cyau/oncosnpseq/data/sim/cll/clone-2.84.oncoseq.gz
clone-2.84.oncoseq.gz
/data/cyau/oncosnpseq/data/sim/cll/clone-2.85.oncoseq.gz
clone-2.85.oncoseq.gz
/data/cyau/oncosnpseq/data/sim/cll/clone-2.98.oncoseq.gz
clone-2.98.oncoseq.gz
/data/cyau/oncosnpseq/data/sim/cll/clone-2.86.oncoseq.gz
clone-2.86.oncoseq.gz
/data/cyau/oncosnpseq/data/sim/cll/clone-2.87.oncoseq.gz
clone-2.87.oncoseq.gz
/data/cyau/oncosnpseq/data/sim/cll/clone-2.99.oncoseq.gz
clone-2.99.oncoseq.gz
/data/cyau/oncosnpseq/data/sim/cll/clone-2.88.oncoseq.gz
clone-2.88.oncoseq.gz
/data/cyau/oncosnpseq/data/sim/cll/clone-2.89.oncoseq.gz
clone-2.89.oncoseq.gz
/data/cyau/oncosnpseq/data/sim/cll/clone-2.90.oncoseq.gz
clone-2.90.oncoseq.gz
/data/cyau/oncosnpseq/data/sim/cll/clone-2.91.oncoseq.gz
clone-2.91.oncoseq.gz
/data/cyau/oncosnpseq/data/sim/cll/clone-2.92.oncoseq.gz
clone-2.92.oncoseq.gz
/data/cyau/oncosnpseq/data/sim/cll/clone-2.93.oncoseq.gz
clone-2.93.oncoseq.gz
/data/cyau/oncosnpseq/data/sim/cll/clone-2.94.oncoseq.gz
clone-2.94.oncoseq.gz
/data/cyau/oncosnpseq/data/sim/cll/clone-2.95.oncoseq.gz
clone-2.95.oncoseq.gz
/data/cyau/oncosnpseq/data/sim/cll/clone-2.96.oncoseq.gz
clone-2.96.oncoseq.gz
/data/cyau/oncosnpseq/data/sim/cll/clone-2.100.oncoseq.gz
clone-2.100.oncoseq.gz
