/data/cyau/oncosnpseq/data/sim/cll/clone-3.10.oncoseq.gz
clone-3.10.oncoseq.gz
/data/cyau/oncosnpseq/data/sim/cll/clone-3.1.oncoseq.gz
clone-3.1.oncoseq.gz
/data/cyau/oncosnpseq/data/sim/cll/clone-3.13.oncoseq.gz
clone-3.13.oncoseq.gz
/data/cyau/oncosnpseq/data/sim/cll/clone-3.2.oncoseq.gz
clone-3.2.oncoseq.gz
/data/cyau/oncosnpseq/data/sim/cll/clone-3.14.oncoseq.gz
clone-3.14.oncoseq.gz
/data/cyau/oncosnpseq/data/sim/cll/clone-3.3.oncoseq.gz
clone-3.3.oncoseq.gz
/data/cyau/oncosnpseq/data/sim/cll/clone-3.4.oncoseq.gz
clone-3.4.oncoseq.gz
/data/cyau/oncosnpseq/data/sim/cll/clone-3.15.oncoseq.gz
clone-3.15.oncoseq.gz
/data/cyau/oncosnpseq/data/sim/cll/clone-3.5.oncoseq.gz
clone-3.5.oncoseq.gz
/data/cyau/oncosnpseq/data/sim/cll/clone-3.6.oncoseq.gz
clone-3.6.oncoseq.gz
/data/cyau/oncosnpseq/data/sim/cll/clone-3.16.oncoseq.gz
clone-3.16.oncoseq.gz
/data/cyau/oncosnpseq/data/sim/cll/clone-3.7.oncoseq.gz
clone-3.7.oncoseq.gz
/data/cyau/oncosnpseq/data/sim/cll/clone-3.8.oncoseq.gz
clone-3.8.oncoseq.gz
/data/cyau/oncosnpseq/data/sim/cll/clone-3.17.oncoseq.gz
clone-3.17.oncoseq.gz
/data/cyau/oncosnpseq/data/sim/cll/clone-3.9.oncoseq.gz
clone-3.9.oncoseq.gz
/data/cyau/oncosnpseq/data/sim/cll/clone-3.18.oncoseq.gz
clone-3.18.oncoseq.gz
/data/cyau/oncosnpseq/data/sim/cll/clone-3.11.oncoseq.gz
clone-3.11.oncoseq.gz
/data/cyau/oncosnpseq/data/sim/cll/clone-3.12.oncoseq.gz
clone-3.12.oncoseq.gz
/data/cyau/oncosnpseq/data/sim/cll/clone-3.33.oncoseq.gz
clone-3.33.oncoseq.gz
/data/cyau/oncosnpseq/data/sim/cll/clone-3.19.oncoseq.gz
clone-3.19.oncoseq.gz
/data/cyau/oncosnpseq/data/sim/cll/clone-3.20.oncoseq.gz
clone-3.20.oncoseq.gz
/data/cyau/oncosnpseq/data/sim/cll/clone-3.34.oncoseq.gz
clone-3.34.oncoseq.gz
/data/cyau/oncosnpseq/data/sim/cll/clone-3.21.oncoseq.gz
clone-3.21.oncoseq.gz
/data/cyau/oncosnpseq/data/sim/cll/clone-3.22.oncoseq.gz
clone-3.22.oncoseq.gz
/data/cyau/oncosnpseq/data/sim/cll/clone-3.35.oncoseq.gz
clone-3.35.oncoseq.gz
/data/cyau/oncosnpseq/data/sim/cll/clone-3.23.oncoseq.gz
clone-3.23.oncoseq.gz
/data/cyau/oncosnpseq/data/sim/cll/clone-3.24.oncoseq.gz
clone-3.24.oncoseq.gz
/data/cyau/oncosnpseq/data/sim/cll/clone-3.36.oncoseq.gz
clone-3.36.oncoseq.gz
/data/cyau/oncosnpseq/data/sim/cll/clone-3.25.oncoseq.gz
clone-3.25.oncoseq.gz
/data/cyau/oncosnpseq/data/sim/cll/clone-3.26.oncoseq.gz
clone-3.26.oncoseq.gz
/data/cyau/oncosnpseq/data/sim/cll/clone-3.37.oncoseq.gz
clone-3.37.oncoseq.gz
/data/cyau/oncosnpseq/data/sim/cll/clone-3.27.oncoseq.gz
clone-3.27.oncoseq.gz
/data/cyau/oncosnpseq/data/sim/cll/clone-3.28.oncoseq.gz
clone-3.28.oncoseq.gz
/data/cyau/oncosnpseq/data/sim/cll/clone-3.38.oncoseq.gz
clone-3.38.oncoseq.gz
/data/cyau/oncosnpseq/data/sim/cll/clone-3.29.oncoseq.gz
clone-3.29.oncoseq.gz
/data/cyau/oncosnpseq/data/sim/cll/clone-3.30.oncoseq.gz
clone-3.30.oncoseq.gz
/data/cyau/oncosnpseq/data/sim/cll/clone-3.39.oncoseq.gz
clone-3.39.oncoseq.gz
/data/cyau/oncosnpseq/data/sim/cll/clone-3.31.oncoseq.gz
clone-3.31.oncoseq.gz
/data/cyau/oncosnpseq/data/sim/cll/clone-3.32.oncoseq.gz
clone-3.32.oncoseq.gz
/data/cyau/oncosnpseq/data/sim/cll/clone-3.40.oncoseq.gz
clone-3.40.oncoseq.gz
/data/cyau/oncosnpseq/data/sim/cll/clone-3.41.oncoseq.gz
clone-3.41.oncoseq.gz
/data/cyau/oncosnpseq/data/sim/cll/clone-3.55.oncoseq.gz
clone-3.55.oncoseq.gz
/data/cyau/oncosnpseq/data/sim/cll/clone-3.42.oncoseq.gz
clone-3.42.oncoseq.gz
/data/cyau/oncosnpseq/data/sim/cll/clone-3.43.oncoseq.gz
clone-3.43.oncoseq.gz
/data/cyau/oncosnpseq/data/sim/cll/clone-3.56.oncoseq.gz
clone-3.56.oncoseq.gz
/data/cyau/oncosnpseq/data/sim/cll/clone-3.44.oncoseq.gz
clone-3.44.oncoseq.gz
/data/cyau/oncosnpseq/data/sim/cll/clone-3.45.oncoseq.gz
clone-3.45.oncoseq.gz
/data/cyau/oncosnpseq/data/sim/cll/clone-3.57.oncoseq.gz
clone-3.57.oncoseq.gz
/data/cyau/oncosnpseq/data/sim/cll/clone-3.46.oncoseq.gz
clone-3.46.oncoseq.gz
/data/cyau/oncosnpseq/data/sim/cll/clone-3.47.oncoseq.gz
clone-3.47.oncoseq.gz
/data/cyau/oncosnpseq/data/sim/cll/clone-3.58.oncoseq.gz
clone-3.58.oncoseq.gz
/data/cyau/oncosnpseq/data/sim/cll/clone-3.48.oncoseq.gz
clone-3.48.oncoseq.gz
/data/cyau/oncosnpseq/data/sim/cll/clone-3.49.oncoseq.gz
clone-3.49.oncoseq.gz
/data/cyau/oncosnpseq/data/sim/cll/clone-3.59.oncoseq.gz
clone-3.59.oncoseq.gz
/data/cyau/oncosnpseq/data/sim/cll/clone-3.50.oncoseq.gz
clone-3.50.oncoseq.gz
/data/cyau/oncosnpseq/data/sim/cll/clone-3.51.oncoseq.gz
clone-3.51.oncoseq.gz
/data/cyau/oncosnpseq/data/sim/cll/clone-3.60.oncoseq.gz
clone-3.60.oncoseq.gz
/data/cyau/oncosnpseq/data/sim/cll/clone-3.52.oncoseq.gz
clone-3.52.oncoseq.gz
/data/cyau/oncosnpseq/data/sim/cll/clone-3.53.oncoseq.gz
clone-3.53.oncoseq.gz
/data/cyau/oncosnpseq/data/sim/cll/clone-3.61.oncoseq.gz
clone-3.61.oncoseq.gz
/data/cyau/oncosnpseq/data/sim/cll/clone-3.54.oncoseq.gz
clone-3.54.oncoseq.gz
/data/cyau/oncosnpseq/data/sim/cll/clone-3.62.oncoseq.gz
clone-3.62.oncoseq.gz
/data/cyau/oncosnpseq/data/sim/cll/clone-3.76.oncoseq.gz
clone-3.76.oncoseq.gz
/data/cyau/oncosnpseq/data/sim/cll/clone-3.63.oncoseq.gz
clone-3.63.oncoseq.gz
/data/cyau/oncosnpseq/data/sim/cll/clone-3.64.oncoseq.gz
clone-3.64.oncoseq.gz
/data/cyau/oncosnpseq/data/sim/cll/clone-3.77.oncoseq.gz
clone-3.77.oncoseq.gz
/data/cyau/oncosnpseq/data/sim/cll/clone-3.65.oncoseq.gz
clone-3.65.oncoseq.gz
/data/cyau/oncosnpseq/data/sim/cll/clone-3.66.oncoseq.gz
clone-3.66.oncoseq.gz
/data/cyau/oncosnpseq/data/sim/cll/clone-3.78.oncoseq.gz
clone-3.78.oncoseq.gz
/data/cyau/oncosnpseq/data/sim/cll/clone-3.67.oncoseq.gz
clone-3.67.oncoseq.gz
/data/cyau/oncosnpseq/data/sim/cll/clone-3.68.oncoseq.gz
clone-3.68.oncoseq.gz
/data/cyau/oncosnpseq/data/sim/cll/clone-3.79.oncoseq.gz
clone-3.79.oncoseq.gz
/data/cyau/oncosnpseq/data/sim/cll/clone-3.69.oncoseq.gz
clone-3.69.oncoseq.gz
/data/cyau/oncosnpseq/data/sim/cll/clone-3.70.oncoseq.gz
clone-3.70.oncoseq.gz
/data/cyau/oncosnpseq/data/sim/cll/clone-3.80.oncoseq.gz
clone-3.80.oncoseq.gz
/data/cyau/oncosnpseq/data/sim/cll/clone-3.71.oncoseq.gz
clone-3.71.oncoseq.gz
/data/cyau/oncosnpseq/data/sim/cll/clone-3.72.oncoseq.gz
clone-3.72.oncoseq.gz
/data/cyau/oncosnpseq/data/sim/cll/clone-3.81.oncoseq.gz
clone-3.81.oncoseq.gz
/data/cyau/oncosnpseq/data/sim/cll/clone-3.73.oncoseq.gz
clone-3.73.oncoseq.gz
/data/cyau/oncosnpseq/data/sim/cll/clone-3.74.oncoseq.gz
clone-3.74.oncoseq.gz
/data/cyau/oncosnpseq/data/sim/cll/clone-3.82.oncoseq.gz
clone-3.82.oncoseq.gz
/data/cyau/oncosnpseq/data/sim/cll/clone-3.75.oncoseq.gz
clone-3.75.oncoseq.gz
/data/cyau/oncosnpseq/data/sim/cll/clone-3.83.oncoseq.gz
clone-3.83.oncoseq.gz
/data/cyau/oncosnpseq/data/sim/cll/clone-3.97.oncoseq.gz
clone-3.97.oncoseq.gz
/data/cyau/oncosnpseq/data/sim/cll/clone-3.84.oncoseq.gz
clone-3.84.oncoseq.gz
/data/cyau/oncosnpseq/data/sim/cll/clone-3.85.oncoseq.gz
clone-3.85.oncoseq.gz
/data/cyau/oncosnpseq/data/sim/cll/clone-3.98.oncoseq.gz
clone-3.98.oncoseq.gz
/data/cyau/oncosnpseq/data/sim/cll/clone-3.86.oncoseq.gz
clone-3.86.oncoseq.gz
/data/cyau/oncosnpseq/data/sim/cll/clone-3.87.oncoseq.gz
clone-3.87.oncoseq.gz
/data/cyau/oncosnpseq/data/sim/cll/clone-3.99.oncoseq.gz
clone-3.99.oncoseq.gz
/data/cyau/oncosnpseq/data/sim/cll/clone-3.88.oncoseq.gz
clone-3.88.oncoseq.gz
/data/cyau/oncosnpseq/data/sim/cll/clone-3.89.oncoseq.gz
clone-3.89.oncoseq.gz
/data/cyau/oncosnpseq/data/sim/cll/clone-3.90.oncoseq.gz
clone-3.90.oncoseq.gz
/data/cyau/oncosnpseq/data/sim/cll/clone-3.91.oncoseq.gz
clone-3.91.oncoseq.gz
/data/cyau/oncosnpseq/data/sim/cll/clone-3.92.oncoseq.gz
clone-3.92.oncoseq.gz
/data/cyau/oncosnpseq/data/sim/cll/clone-3.93.oncoseq.gz
clone-3.93.oncoseq.gz
/data/cyau/oncosnpseq/data/sim/cll/clone-3.94.oncoseq.gz
clone-3.94.oncoseq.gz
/data/cyau/oncosnpseq/data/sim/cll/clone-3.95.oncoseq.gz
clone-3.95.oncoseq.gz
/data/cyau/oncosnpseq/data/sim/cll/clone-3.96.oncoseq.gz
clone-3.96.oncoseq.gz
/data/cyau/oncosnpseq/data/sim/cll/clone-3.100.oncoseq.gz
clone-3.100.oncoseq.gz
