/data/cyau/oncosnpseq/data/sim/cll/clone-1.1.oncoseq.gz
clone-1.1.oncoseq.gz
/data/cyau/oncosnpseq/data/sim/cll/clone-1.2.oncoseq.gz
clone-1.2.oncoseq.gz
/data/cyau/oncosnpseq/data/sim/cll/clone-1.14.oncoseq.gz
clone-1.14.oncoseq.gz
/data/cyau/oncosnpseq/data/sim/cll/clone-1.3.oncoseq.gz
clone-1.3.oncoseq.gz
/data/cyau/oncosnpseq/data/sim/cll/clone-1.15.oncoseq.gz
clone-1.15.oncoseq.gz
/data/cyau/oncosnpseq/data/sim/cll/clone-1.4.oncoseq.gz
clone-1.4.oncoseq.gz
/data/cyau/oncosnpseq/data/sim/cll/clone-1.5.oncoseq.gz
clone-1.5.oncoseq.gz
/data/cyau/oncosnpseq/data/sim/cll/clone-1.16.oncoseq.gz
clone-1.16.oncoseq.gz
/data/cyau/oncosnpseq/data/sim/cll/clone-1.6.oncoseq.gz
clone-1.6.oncoseq.gz
/data/cyau/oncosnpseq/data/sim/cll/clone-1.7.oncoseq.gz
clone-1.7.oncoseq.gz
/data/cyau/oncosnpseq/data/sim/cll/clone-1.17.oncoseq.gz
clone-1.17.oncoseq.gz
/data/cyau/oncosnpseq/data/sim/cll/clone-1.8.oncoseq.gz
clone-1.8.oncoseq.gz
/data/cyau/oncosnpseq/data/sim/cll/clone-1.9.oncoseq.gz
clone-1.9.oncoseq.gz
/data/cyau/oncosnpseq/data/sim/cll/clone-1.18.oncoseq.gz
clone-1.18.oncoseq.gz
/data/cyau/oncosnpseq/data/sim/cll/clone-1.10.oncoseq.gz
clone-1.10.oncoseq.gz
/data/cyau/oncosnpseq/data/sim/cll/clone-1.11.oncoseq.gz
clone-1.11.oncoseq.gz
/data/cyau/oncosnpseq/data/sim/cll/clone-1.12.oncoseq.gz
clone-1.12.oncoseq.gz
/data/cyau/oncosnpseq/data/sim/cll/clone-1.19.oncoseq.gz
clone-1.19.oncoseq.gz
/data/cyau/oncosnpseq/data/sim/cll/clone-1.13.oncoseq.gz
clone-1.13.oncoseq.gz
/data/cyau/oncosnpseq/data/sim/cll/clone-1.20.oncoseq.gz
clone-1.20.oncoseq.gz
/data/cyau/oncosnpseq/data/sim/cll/clone-1.34.oncoseq.gz
clone-1.34.oncoseq.gz
/data/cyau/oncosnpseq/data/sim/cll/clone-1.21.oncoseq.gz
clone-1.21.oncoseq.gz
/data/cyau/oncosnpseq/data/sim/cll/clone-1.22.oncoseq.gz
clone-1.22.oncoseq.gz
/data/cyau/oncosnpseq/data/sim/cll/clone-1.35.oncoseq.gz
clone-1.35.oncoseq.gz
/data/cyau/oncosnpseq/data/sim/cll/clone-1.23.oncoseq.gz
clone-1.23.oncoseq.gz
/data/cyau/oncosnpseq/data/sim/cll/clone-1.24.oncoseq.gz
clone-1.24.oncoseq.gz
/data/cyau/oncosnpseq/data/sim/cll/clone-1.36.oncoseq.gz
clone-1.36.oncoseq.gz
/data/cyau/oncosnpseq/data/sim/cll/clone-1.25.oncoseq.gz
clone-1.25.oncoseq.gz
/data/cyau/oncosnpseq/data/sim/cll/clone-1.26.oncoseq.gz
clone-1.26.oncoseq.gz
/data/cyau/oncosnpseq/data/sim/cll/clone-1.37.oncoseq.gz
clone-1.37.oncoseq.gz
/data/cyau/oncosnpseq/data/sim/cll/clone-1.27.oncoseq.gz
clone-1.27.oncoseq.gz
/data/cyau/oncosnpseq/data/sim/cll/clone-1.28.oncoseq.gz
clone-1.28.oncoseq.gz
/data/cyau/oncosnpseq/data/sim/cll/clone-1.38.oncoseq.gz
clone-1.38.oncoseq.gz
/data/cyau/oncosnpseq/data/sim/cll/clone-1.29.oncoseq.gz
clone-1.29.oncoseq.gz
/data/cyau/oncosnpseq/data/sim/cll/clone-1.30.oncoseq.gz
clone-1.30.oncoseq.gz
/data/cyau/oncosnpseq/data/sim/cll/clone-1.39.oncoseq.gz
clone-1.39.oncoseq.gz
/data/cyau/oncosnpseq/data/sim/cll/clone-1.31.oncoseq.gz
clone-1.31.oncoseq.gz
/data/cyau/oncosnpseq/data/sim/cll/clone-1.32.oncoseq.gz
clone-1.32.oncoseq.gz
/data/cyau/oncosnpseq/data/sim/cll/clone-1.40.oncoseq.gz
clone-1.40.oncoseq.gz
/data/cyau/oncosnpseq/data/sim/cll/clone-1.33.oncoseq.gz
clone-1.33.oncoseq.gz
/data/cyau/oncosnpseq/data/sim/cll/clone-1.41.oncoseq.gz
clone-1.41.oncoseq.gz
/data/cyau/oncosnpseq/data/sim/cll/clone-1.55.oncoseq.gz
clone-1.55.oncoseq.gz
/data/cyau/oncosnpseq/data/sim/cll/clone-1.42.oncoseq.gz
clone-1.42.oncoseq.gz
/data/cyau/oncosnpseq/data/sim/cll/clone-1.43.oncoseq.gz
clone-1.43.oncoseq.gz
/data/cyau/oncosnpseq/data/sim/cll/clone-1.56.oncoseq.gz
clone-1.56.oncoseq.gz
/data/cyau/oncosnpseq/data/sim/cll/clone-1.44.oncoseq.gz
clone-1.44.oncoseq.gz
/data/cyau/oncosnpseq/data/sim/cll/clone-1.45.oncoseq.gz
clone-1.45.oncoseq.gz
/data/cyau/oncosnpseq/data/sim/cll/clone-1.57.oncoseq.gz
clone-1.57.oncoseq.gz
/data/cyau/oncosnpseq/data/sim/cll/clone-1.46.oncoseq.gz
clone-1.46.oncoseq.gz
/data/cyau/oncosnpseq/data/sim/cll/clone-1.47.oncoseq.gz
clone-1.47.oncoseq.gz
/data/cyau/oncosnpseq/data/sim/cll/clone-1.58.oncoseq.gz
clone-1.58.oncoseq.gz
/data/cyau/oncosnpseq/data/sim/cll/clone-1.48.oncoseq.gz
clone-1.48.oncoseq.gz
/data/cyau/oncosnpseq/data/sim/cll/clone-1.49.oncoseq.gz
clone-1.49.oncoseq.gz
/data/cyau/oncosnpseq/data/sim/cll/clone-1.59.oncoseq.gz
clone-1.59.oncoseq.gz
/data/cyau/oncosnpseq/data/sim/cll/clone-1.50.oncoseq.gz
clone-1.50.oncoseq.gz
/data/cyau/oncosnpseq/data/sim/cll/clone-1.51.oncoseq.gz
clone-1.51.oncoseq.gz
/data/cyau/oncosnpseq/data/sim/cll/clone-1.60.oncoseq.gz
clone-1.60.oncoseq.gz
/data/cyau/oncosnpseq/data/sim/cll/clone-1.52.oncoseq.gz
clone-1.52.oncoseq.gz
/data/cyau/oncosnpseq/data/sim/cll/clone-1.53.oncoseq.gz
clone-1.53.oncoseq.gz
/data/cyau/oncosnpseq/data/sim/cll/clone-1.61.oncoseq.gz
clone-1.61.oncoseq.gz
/data/cyau/oncosnpseq/data/sim/cll/clone-1.54.oncoseq.gz
clone-1.54.oncoseq.gz
/data/cyau/oncosnpseq/data/sim/cll/clone-1.76.oncoseq.gz
clone-1.76.oncoseq.gz
/data/cyau/oncosnpseq/data/sim/cll/clone-1.62.oncoseq.gz
clone-1.62.oncoseq.gz
/data/cyau/oncosnpseq/data/sim/cll/clone-1.63.oncoseq.gz
clone-1.63.oncoseq.gz
/data/cyau/oncosnpseq/data/sim/cll/clone-1.77.oncoseq.gz
clone-1.77.oncoseq.gz
/data/cyau/oncosnpseq/data/sim/cll/clone-1.64.oncoseq.gz
clone-1.64.oncoseq.gz
/data/cyau/oncosnpseq/data/sim/cll/clone-1.65.oncoseq.gz
clone-1.65.oncoseq.gz
/data/cyau/oncosnpseq/data/sim/cll/clone-1.78.oncoseq.gz
clone-1.78.oncoseq.gz
/data/cyau/oncosnpseq/data/sim/cll/clone-1.66.oncoseq.gz
clone-1.66.oncoseq.gz
/data/cyau/oncosnpseq/data/sim/cll/clone-1.67.oncoseq.gz
clone-1.67.oncoseq.gz
/data/cyau/oncosnpseq/data/sim/cll/clone-1.79.oncoseq.gz
clone-1.79.oncoseq.gz
/data/cyau/oncosnpseq/data/sim/cll/clone-1.68.oncoseq.gz
clone-1.68.oncoseq.gz
/data/cyau/oncosnpseq/data/sim/cll/clone-1.69.oncoseq.gz
clone-1.69.oncoseq.gz
/data/cyau/oncosnpseq/data/sim/cll/clone-1.80.oncoseq.gz
clone-1.80.oncoseq.gz
/data/cyau/oncosnpseq/data/sim/cll/clone-1.70.oncoseq.gz
clone-1.70.oncoseq.gz
/data/cyau/oncosnpseq/data/sim/cll/clone-1.71.oncoseq.gz
clone-1.71.oncoseq.gz
/data/cyau/oncosnpseq/data/sim/cll/clone-1.81.oncoseq.gz
clone-1.81.oncoseq.gz
/data/cyau/oncosnpseq/data/sim/cll/clone-1.72.oncoseq.gz
clone-1.72.oncoseq.gz
/data/cyau/oncosnpseq/data/sim/cll/clone-1.73.oncoseq.gz
clone-1.73.oncoseq.gz
/data/cyau/oncosnpseq/data/sim/cll/clone-1.82.oncoseq.gz
clone-1.82.oncoseq.gz
/data/cyau/oncosnpseq/data/sim/cll/clone-1.74.oncoseq.gz
clone-1.74.oncoseq.gz
/data/cyau/oncosnpseq/data/sim/cll/clone-1.75.oncoseq.gz
clone-1.75.oncoseq.gz
/data/cyau/oncosnpseq/data/sim/cll/clone-1.83.oncoseq.gz
clone-1.83.oncoseq.gz
/data/cyau/oncosnpseq/data/sim/cll/clone-1.84.oncoseq.gz
clone-1.84.oncoseq.gz
/data/cyau/oncosnpseq/data/sim/cll/clone-1.98.oncoseq.gz
clone-1.98.oncoseq.gz
/data/cyau/oncosnpseq/data/sim/cll/clone-1.85.oncoseq.gz
clone-1.85.oncoseq.gz
/data/cyau/oncosnpseq/data/sim/cll/clone-1.86.oncoseq.gz
clone-1.86.oncoseq.gz
/data/cyau/oncosnpseq/data/sim/cll/clone-1.99.oncoseq.gz
clone-1.99.oncoseq.gz
/data/cyau/oncosnpseq/data/sim/cll/clone-1.87.oncoseq.gz
clone-1.87.oncoseq.gz
/data/cyau/oncosnpseq/data/sim/cll/clone-1.88.oncoseq.gz
clone-1.88.oncoseq.gz
/data/cyau/oncosnpseq/data/sim/cll/clone-1.89.oncoseq.gz
clone-1.89.oncoseq.gz
/data/cyau/oncosnpseq/data/sim/cll/clone-1.90.oncoseq.gz
clone-1.90.oncoseq.gz
/data/cyau/oncosnpseq/data/sim/cll/clone-1.91.oncoseq.gz
clone-1.91.oncoseq.gz
/data/cyau/oncosnpseq/data/sim/cll/clone-1.92.oncoseq.gz
clone-1.92.oncoseq.gz
/data/cyau/oncosnpseq/data/sim/cll/clone-1.93.oncoseq.gz
clone-1.93.oncoseq.gz
/data/cyau/oncosnpseq/data/sim/cll/clone-1.94.oncoseq.gz
clone-1.94.oncoseq.gz
/data/cyau/oncosnpseq/data/sim/cll/clone-1.95.oncoseq.gz
clone-1.95.oncoseq.gz
/data/cyau/oncosnpseq/data/sim/cll/clone-1.96.oncoseq.gz
clone-1.96.oncoseq.gz
/data/cyau/oncosnpseq/data/sim/cll/clone-1.97.oncoseq.gz
clone-1.97.oncoseq.gz
/data/cyau/oncosnpseq/data/sim/cll/clone-1.100.oncoseq.gz
clone-1.100.oncoseq.gz
