/data/cyau/oncosnpseq/data/sim/cll/multiclone.1.oncoseq.gz
multiclone.1.oncoseq.gz
/data/cyau/oncosnpseq/data/sim/cll/multiclone.2.oncoseq.gz
multiclone.2.oncoseq.gz
/data/cyau/oncosnpseq/data/sim/cll/multiclone.3.oncoseq.gz
multiclone.3.oncoseq.gz
/data/cyau/oncosnpseq/data/sim/cll/multiclone.4.oncoseq.gz
multiclone.4.oncoseq.gz
/data/cyau/oncosnpseq/data/sim/cll/multiclone.5.oncoseq.gz
multiclone.5.oncoseq.gz
/data/cyau/oncosnpseq/data/sim/cll/multi/multiclone.1.oncoseq.gz
multiclone.1.oncoseq.gz
/data/cyau/oncosnpseq/data/sim/cll/multiclone.6.oncoseq.gz
multiclone.6.oncoseq.gz
/data/cyau/oncosnpseq/data/sim/cll/multiclone.7.oncoseq.gz
multiclone.7.oncoseq.gz
/data/cyau/oncosnpseq/data/sim/cll/multiclone.8.oncoseq.gz
multiclone.8.oncoseq.gz
/data/cyau/oncosnpseq/data/sim/cll/multiclone.9.oncoseq.gz
multiclone.9.oncoseq.gz
/data/cyau/oncosnpseq/data/sim/cll/multiclone.10.oncoseq.gz
multiclone.10.oncoseq.gz
/data/cyau/oncosnpseq/data/sim/cll/multiclone.11.oncoseq.gz
multiclone.11.oncoseq.gz
/data/cyau/oncosnpseq/data/sim/cll/multiclone.12.oncoseq.gz
multiclone.12.oncoseq.gz
/data/cyau/oncosnpseq/data/sim/cll/multiclone.13.oncoseq.gz
multiclone.13.oncoseq.gz
/data/cyau/oncosnpseq/data/sim/cll/multiclone.14.oncoseq.gz
multiclone.14.oncoseq.gz
/data/cyau/oncosnpseq/data/sim/cll/multiclone.15.oncoseq.gz
multiclone.15.oncoseq.gz
/data/cyau/oncosnpseq/data/sim/cll/multiclone.16.oncoseq.gz
multiclone.16.oncoseq.gz
/data/cyau/oncosnpseq/data/sim/cll/multiclone.17.oncoseq.gz
multiclone.17.oncoseq.gz
/data/cyau/oncosnpseq/data/sim/cll/multiclone.18.oncoseq.gz
multiclone.18.oncoseq.gz
/data/cyau/oncosnpseq/data/sim/cll/multiclone.19.oncoseq.gz
multiclone.19.oncoseq.gz
/data/cyau/oncosnpseq/data/sim/cll/multiclone.20.oncoseq.gz
multiclone.20.oncoseq.gz
/data/cyau/oncosnpseq/data/sim/cll/multiclone.21.oncoseq.gz
multiclone.21.oncoseq.gz
/data/cyau/oncosnpseq/data/sim/cll/multiclone.22.oncoseq.gz
multiclone.22.oncoseq.gz
/data/cyau/oncosnpseq/data/sim/cll/multiclone.23.oncoseq.gz
multiclone.23.oncoseq.gz
/data/cyau/oncosnpseq/data/sim/cll/multiclone.24.oncoseq.gz
multiclone.24.oncoseq.gz
/data/cyau/oncosnpseq/data/sim/cll/multiclone.25.oncoseq.gz
multiclone.25.oncoseq.gz
/data/cyau/oncosnpseq/data/sim/cll/multiclone.26.oncoseq.gz
multiclone.26.oncoseq.gz
/data/cyau/oncosnpseq/data/sim/cll/multiclone.27.oncoseq.gz
multiclone.27.oncoseq.gz
/data/cyau/oncosnpseq/data/sim/cll/multiclone.28.oncoseq.gz
multiclone.28.oncoseq.gz
/data/cyau/oncosnpseq/data/sim/cll/multiclone.29.oncoseq.gz
multiclone.29.oncoseq.gz
/data/cyau/oncosnpseq/data/sim/cll/multiclone.30.oncoseq.gz
multiclone.30.oncoseq.gz
/data/cyau/oncosnpseq/data/sim/cll/multiclone.31.oncoseq.gz
multiclone.31.oncoseq.gz
/data/cyau/oncosnpseq/data/sim/cll/multiclone.32.oncoseq.gz
multiclone.32.oncoseq.gz
/data/cyau/oncosnpseq/data/sim/cll/multiclone.33.oncoseq.gz
multiclone.33.oncoseq.gz
/data/cyau/oncosnpseq/data/sim/cll/multiclone.34.oncoseq.gz
multiclone.34.oncoseq.gz
/data/cyau/oncosnpseq/data/sim/cll/multiclone.35.oncoseq.gz
multiclone.35.oncoseq.gz
/data/cyau/oncosnpseq/data/sim/cll/multiclone.36.oncoseq.gz
multiclone.36.oncoseq.gz
/data/cyau/oncosnpseq/data/sim/cll/multiclone.37.oncoseq.gz
multiclone.37.oncoseq.gz
/data/cyau/oncosnpseq/data/sim/cll/multiclone.38.oncoseq.gz
multiclone.38.oncoseq.gz
/data/cyau/oncosnpseq/data/sim/cll/multiclone.39.oncoseq.gz
multiclone.39.oncoseq.gz
/data/cyau/oncosnpseq/data/sim/cll/multiclone.40.oncoseq.gz
multiclone.40.oncoseq.gz
/data/cyau/oncosnpseq/data/sim/cll/multiclone.41.oncoseq.gz
multiclone.41.oncoseq.gz
/data/cyau/oncosnpseq/data/sim/cll/multiclone.42.oncoseq.gz
multiclone.42.oncoseq.gz
/data/cyau/oncosnpseq/data/sim/cll/multiclone.43.oncoseq.gz
multiclone.43.oncoseq.gz
/data/cyau/oncosnpseq/data/sim/cll/multiclone.44.oncoseq.gz
multiclone.44.oncoseq.gz
/data/cyau/oncosnpseq/data/sim/cll/multiclone.45.oncoseq.gz
multiclone.45.oncoseq.gz
/data/cyau/oncosnpseq/data/sim/cll/multiclone.46.oncoseq.gz
multiclone.46.oncoseq.gz
/data/cyau/oncosnpseq/data/sim/cll/multiclone.47.oncoseq.gz
multiclone.47.oncoseq.gz
/data/cyau/oncosnpseq/data/sim/cll/multiclone.48.oncoseq.gz
multiclone.48.oncoseq.gz
/data/cyau/oncosnpseq/data/sim/cll/multiclone.49.oncoseq.gz
multiclone.49.oncoseq.gz
/data/cyau/oncosnpseq/data/sim/cll/multiclone.50.oncoseq.gz
multiclone.50.oncoseq.gz
/data/cyau/oncosnpseq/data/sim/cll/multiclone.51.oncoseq.gz
multiclone.51.oncoseq.gz
/data/cyau/oncosnpseq/data/sim/cll/multiclone.52.oncoseq.gz
multiclone.52.oncoseq.gz
/data/cyau/oncosnpseq/data/sim/cll/multiclone.53.oncoseq.gz
multiclone.53.oncoseq.gz
/data/cyau/oncosnpseq/data/sim/cll/multiclone.54.oncoseq.gz
multiclone.54.oncoseq.gz
/data/cyau/oncosnpseq/data/sim/cll/multiclone.55.oncoseq.gz
multiclone.55.oncoseq.gz
/data/cyau/oncosnpseq/data/sim/cll/multiclone.56.oncoseq.gz
multiclone.56.oncoseq.gz
/data/cyau/oncosnpseq/data/sim/cll/multiclone.57.oncoseq.gz
multiclone.57.oncoseq.gz
/data/cyau/oncosnpseq/data/sim/cll/multiclone.58.oncoseq.gz
multiclone.58.oncoseq.gz
/data/cyau/oncosnpseq/data/sim/cll/multiclone.59.oncoseq.gz
multiclone.59.oncoseq.gz
/data/cyau/oncosnpseq/data/sim/cll/multiclone.60.oncoseq.gz
multiclone.60.oncoseq.gz
/data/cyau/oncosnpseq/data/sim/cll/multiclone.61.oncoseq.gz
multiclone.61.oncoseq.gz
/data/cyau/oncosnpseq/data/sim/cll/multiclone.62.oncoseq.gz
multiclone.62.oncoseq.gz
/data/cyau/oncosnpseq/data/sim/cll/multiclone.63.oncoseq.gz
multiclone.63.oncoseq.gz
/data/cyau/oncosnpseq/data/sim/cll/multiclone.64.oncoseq.gz
multiclone.64.oncoseq.gz
/data/cyau/oncosnpseq/data/sim/cll/multiclone.65.oncoseq.gz
multiclone.65.oncoseq.gz
/data/cyau/oncosnpseq/data/sim/cll/multiclone.66.oncoseq.gz
multiclone.66.oncoseq.gz
/data/cyau/oncosnpseq/data/sim/cll/multiclone.67.oncoseq.gz
multiclone.67.oncoseq.gz
/data/cyau/oncosnpseq/data/sim/cll/multiclone.68.oncoseq.gz
multiclone.68.oncoseq.gz
/data/cyau/oncosnpseq/data/sim/cll/multiclone.69.oncoseq.gz
multiclone.69.oncoseq.gz
/data/cyau/oncosnpseq/data/sim/cll/multiclone.70.oncoseq.gz
multiclone.70.oncoseq.gz
/data/cyau/oncosnpseq/data/sim/cll/multiclone.71.oncoseq.gz
multiclone.71.oncoseq.gz
/data/cyau/oncosnpseq/data/sim/cll/multiclone.72.oncoseq.gz
multiclone.72.oncoseq.gz
/data/cyau/oncosnpseq/data/sim/cll/multiclone.73.oncoseq.gz
multiclone.73.oncoseq.gz
/data/cyau/oncosnpseq/data/sim/cll/multiclone.74.oncoseq.gz
multiclone.74.oncoseq.gz
/data/cyau/oncosnpseq/data/sim/cll/multiclone.75.oncoseq.gz
multiclone.75.oncoseq.gz
/data/cyau/oncosnpseq/data/sim/cll/multiclone.76.oncoseq.gz
multiclone.76.oncoseq.gz
/data/cyau/oncosnpseq/data/sim/cll/multiclone.77.oncoseq.gz
multiclone.77.oncoseq.gz
/data/cyau/oncosnpseq/data/sim/cll/multiclone.78.oncoseq.gz
multiclone.78.oncoseq.gz
/data/cyau/oncosnpseq/data/sim/cll/multiclone.79.oncoseq.gz
multiclone.79.oncoseq.gz
/data/cyau/oncosnpseq/data/sim/cll/multiclone.80.oncoseq.gz
multiclone.80.oncoseq.gz
/data/cyau/oncosnpseq/data/sim/cll/multiclone.81.oncoseq.gz
multiclone.81.oncoseq.gz
/data/cyau/oncosnpseq/data/sim/cll/multiclone.82.oncoseq.gz
multiclone.82.oncoseq.gz
/data/cyau/oncosnpseq/data/sim/cll/multiclone.83.oncoseq.gz
multiclone.83.oncoseq.gz
/data/cyau/oncosnpseq/data/sim/cll/multiclone.84.oncoseq.gz
multiclone.84.oncoseq.gz
/data/cyau/oncosnpseq/data/sim/cll/multiclone.85.oncoseq.gz
multiclone.85.oncoseq.gz
/data/cyau/oncosnpseq/data/sim/cll/multiclone.86.oncoseq.gz
multiclone.86.oncoseq.gz
/data/cyau/oncosnpseq/data/sim/cll/multiclone.87.oncoseq.gz
multiclone.87.oncoseq.gz
/data/cyau/oncosnpseq/data/sim/cll/multiclone.88.oncoseq.gz
multiclone.88.oncoseq.gz
/data/cyau/oncosnpseq/data/sim/cll/multiclone.89.oncoseq.gz
multiclone.89.oncoseq.gz
/data/cyau/oncosnpseq/data/sim/cll/multiclone.90.oncoseq.gz
multiclone.90.oncoseq.gz
/data/cyau/oncosnpseq/data/sim/cll/multiclone.91.oncoseq.gz
multiclone.91.oncoseq.gz
/data/cyau/oncosnpseq/data/sim/cll/multiclone.92.oncoseq.gz
multiclone.92.oncoseq.gz
/data/cyau/oncosnpseq/data/sim/cll/multiclone.93.oncoseq.gz
multiclone.93.oncoseq.gz
/data/cyau/oncosnpseq/data/sim/cll/multiclone.94.oncoseq.gz
multiclone.94.oncoseq.gz
/data/cyau/oncosnpseq/data/sim/cll/multiclone.95.oncoseq.gz
multiclone.95.oncoseq.gz
/data/cyau/oncosnpseq/data/sim/cll/multiclone.96.oncoseq.gz
multiclone.96.oncoseq.gz
/data/cyau/oncosnpseq/data/sim/cll/multiclone.97.oncoseq.gz
multiclone.97.oncoseq.gz
/data/cyau/oncosnpseq/data/sim/cll/multiclone.98.oncoseq.gz
multiclone.98.oncoseq.gz
/data/cyau/oncosnpseq/data/sim/cll/multiclone.99.oncoseq.gz
multiclone.99.oncoseq.gz
/data/cyau/oncosnpseq/data/sim/cll/multiclone.100.oncoseq.gz
multiclone.100.oncoseq.gz
